abs:
  request:
    url: ${baseUrl}/check/abs
    method: GET
    headers: {}
  response:
    status:
      code: 404
      message: Not Found
    headers:
      cache-control: no-cache
      connection: close
      content-length: '53'
      content-type: application/json; charset=utf-8
    body: |-
      {
        "Body": "404 Not Found",
        "IsResp": true,
        "Mode": "check"
      }
