short:
  request:
    url: ${baseUrl}/short
    method: POST
    headers: {}
    body: |-
      {
        "Body": "8b4s29",
        "IsResp": false,
        "Mode": "short"
      }
  response:
    status:
      code: 206
      message: Partial Content
    headers:
      cache-control: no-cache
      connection: close
      content-length: '58'
      content-type: application/json; charset=utf-8
    body: |-
      {
        "Body": "http://lib.ru/PROZA/",
        "IsResp": true,
        "Mode": "206"
      }
